python : C:\Users\huver\AppData\Local\Programs\Python\Python312\python.exe: 
can't open file 
'C:\\Users\\huver\\Desktop\\IurisLex_Pro\\verify_embeddings_and_search.py': 
[Errno 2] No such file or directory
En línea: 1 Carácter: 1
+ python verify_embeddings_and_search.py 2>&1 | Tee-Object -FilePath te ...
+ ~~~~~~~~~~~~~~~~~~~~~~~~~~~~~~~~~~~~~~~~~~~
    + CategoryInfo          : NotSpecified: (C:\Users\huver\...le or directory 
   :String) [], RemoteException
    + FullyQualifiedErrorId : NativeCommandError
 
